<html>
<body>
<pre>
<h1>µVision Build Log</h1>
<h2>Tool Versions:</h2>
IDE-Version: µVision V5.28.0.0
Copyright (C) 2019 ARM Ltd and ARM Germany GmbH. All rights reserved.
License Information: Samson Afolabi University of Plymouth Flex license: MDK Professional 5.28 (Flex) (mdk_pro) Borrow: 29 Dec 2019
 
Tool Versions:
Toolchain:       MDK Professional 5.28 (Flex)  Version: 5.28.0.0
Toolchain Path:  C:\Keil_v5\ARM\ARMCLANG\Bin
C Compiler:      ArmClang.exe V6.12
Assembler:       Armasm.exe V6.12
Linker/Locator:  ArmLink.exe V6.12
Library Manager: ArmAr.exe V6.12
Hex Converter:   FromElf.exe V6.12
CPU DLL:         
Dialog DLL:      DCM.DLL V1.17.3.0
Target DLL:      STLink\ST-LINKIII-KEIL_SWO.dll V3.0.6.0
Dialog DLL:      TCM.DLL V1.36.2.0
 
<h2>Project:</h2>
C:\Users\emper\Documents\ELEC350\ELEC35X-CWTEMPLATE-2019\ELEC35X-CWTEMPLATE-2019.uvprojx
Project File Date:  12/28/2019

<h2>Output:</h2>
*** Using Compiler 'V6.12', folder: 'C:\Keil_v5\ARM\ARMCLANG\Bin'
Build target 'ELEC35X-CWTEMPLATE-2019'
compiling main.cpp...
linking...
.\BUILD\ELEC35X-CWTEMPLATE-2019.axf: Warning: L3912W: Option 'legacyalign' is deprecated.
Program Size: Code=153988 RO-data=15304 RW-data=304 ZI-data=31856  
Finished: 0 information, 1 warning and 0 error messages.
".\BUILD\ELEC35X-CWTEMPLATE-2019.axf" - 0 Error(s), 1 Warning(s).

<h2>Software Packages used:</h2>

Package Vendor: Keil
                http://www.keil.com/pack/Keil.STM32F4xx_DFP.2.14.0.pack
                Keil.STM32F4xx_DFP.2.14.0
                STMicroelectronics STM32F4 Series Device Support, Drivers and Examples

<h2>Collection of Component include folders:</h2>
  .\RTE\_ELEC35X-CWTEMPLATE-2019
  C:\Users\emper\AppData\Local\Arm\Packs\Keil\STM32F4xx_DFP\2.14.0\Drivers\CMSIS\Device\ST\STM32F4xx\Include

<h2>Collection of Component Files used:</h2>
Build Time Elapsed:  00:00:40
</pre>
</body>
</html>
